{
  "version": "1.5.0",
  "plugins_used": [
    {
      "name": "ArtifactoryDetector"
    },
    {
      "name": "AWSKeyDetector"
    },
    {
      "name": "AzureStorageKeyDetector"
    },
    {
      "name": "Base64HighEntropyString",
      "limit": 4.5
    },
    {
      "name": "BasicAuthDetector"
    },
    {
      "name": "CloudantDetector"
    },
    {
      "name": "DiscordBotTokenDetector"
    },
    {
      "name": "GitHubTokenDetector"
    },
    {
      "name": "GitLabTokenDetector"
    },
    {
      "name": "HexHighEntropyString",
      "limit": 3.0
    },
    {
      "name": "IbmCloudIamDetector"
    },
    {
      "name": "IbmCosHmacDetector"
    },
    {
      "name": "IPPublicDetector"
    },
    {
      "name": "JwtTokenDetector"
    },
    {
      "name": "KeywordDetector",
      "keyword_exclude": ""
    },
    {
      "name": "MailchimpDetector"
    },
    {
      "name": "NpmDetector"
    },
    {
      "name": "OpenAIDetector"
    },
    {
      "name": "PrivateKeyDetector"
    },
    {
      "name": "PypiTokenDetector"
    },
    {
      "name": "SendGridDetector"
    },
    {
      "name": "SlackDetector"
    },
    {
      "name": "SoftlayerDetector"
    },
    {
      "name": "SquareOAuthDetector"
    },
    {
      "name": "StripeDetector"
    },
    {
      "name": "TelegramBotTokenDetector"
    },
    {
      "name": "TwilioKeyDetector"
    }
  ],
  "filters_used": [
    {
      "path": "detect_secrets.filters.allowlist.is_line_allowlisted"
    },
    {
      "path": "detect_secrets.filters.common.is_ignored_due_to_verification_policies",
      "min_level": 2
    },
    {
      "path": "detect_secrets.filters.heuristic.is_indirect_reference"
    },
    {
      "path": "detect_secrets.filters.heuristic.is_likely_id_string"
    },
    {
      "path": "detect_secrets.filters.heuristic.is_lock_file"
    },
    {
      "path": "detect_secrets.filters.heuristic.is_not_alphanumeric_string"
    },
    {
      "path": "detect_secrets.filters.heuristic.is_potential_uuid"
    },
    {
      "path": "detect_secrets.filters.heuristic.is_prefixed_with_dollar_sign"
    },
    {
      "path": "detect_secrets.filters.heuristic.is_sequential_string"
    },
    {
      "path": "detect_secrets.filters.heuristic.is_swagger_file"
    },
    {
      "path": "detect_secrets.filters.heuristic.is_templated_secret"
    }
  ],
  "results": {
    ".github/workflows/ci.yml": [
      {
        "type": "Secret Keyword",
        "filename": ".github/workflows/ci.yml",
        "hashed_secret": "d4e0e04792fd434b5dc9c4155c178f66edcf4ed3",
        "is_verified": false,
        "line_number": 161
      },
      {
        "type": "Secret Keyword",
        "filename": ".github/workflows/ci.yml",
        "hashed_secret": "afc848c316af1a89d49826c5ae9d00ed769415f3",
        "is_verified": false,
        "line_number": 195
      },
      {
        "type": "Basic Auth Credentials",
        "filename": ".github/workflows/ci.yml",
        "hashed_secret": "afc848c316af1a89d49826c5ae9d00ed769415f3",
        "is_verified": false,
        "line_number": 240
      },
      {
        "type": "Secret Keyword",
        "filename": ".github/workflows/ci.yml",
        "hashed_secret": "58ba1f59d40f7b4c1b76a6ba76223e86d40a922e",
        "is_verified": false,
        "line_number": 243
      }
    ],
    "backend/.env.container": [
      {
        "type": "Basic Auth Credentials",
        "filename": "backend/.env.container",
        "hashed_secret": "afc848c316af1a89d49826c5ae9d00ed769415f3",
        "is_verified": false,
        "line_number": 7
      }
    ],
    "backend/.env.example": [
      {
        "type": "Basic Auth Credentials",
        "filename": "backend/.env.example",
        "hashed_secret": "afc848c316af1a89d49826c5ae9d00ed769415f3",
        "is_verified": false,
        "line_number": 16
      }
    ],
    "backend/alembic.ini": [
      {
        "type": "Basic Auth Credentials",
        "filename": "backend/alembic.ini",
        "hashed_secret": "afc848c316af1a89d49826c5ae9d00ed769415f3",
        "is_verified": false,
        "line_number": 64
      }
    ],
    "backend/app/core/config.py": [
      {
        "type": "Basic Auth Credentials",
        "filename": "backend/app/core/config.py",
        "hashed_secret": "afc848c316af1a89d49826c5ae9d00ed769415f3",
        "is_verified": false,
        "line_number": 35
      },
      {
        "type": "Secret Keyword",
        "filename": "backend/app/core/config.py",
        "hashed_secret": "3392b752ca825b0df2fd1d2024e6c72c73404732",
        "is_verified": false,
        "line_number": 141
      }
    ],
    "backend/app/models/audit_log.py": [
      {
        "type": "Secret Keyword",
        "filename": "backend/app/models/audit_log.py",
        "hashed_secret": "553ab251f84b08eda31bf807cee8259aaffb614a",
        "is_verified": false,
        "line_number": 27
      },
      {
        "type": "Secret Keyword",
        "filename": "backend/app/models/audit_log.py",
        "hashed_secret": "4b4cee89b354b993a64e0134e457cddc540a1833",
        "is_verified": false,
        "line_number": 43
      },
      {
        "type": "Secret Keyword",
        "filename": "backend/app/models/audit_log.py",
        "hashed_secret": "2891626db3646a76e3ffee10a758851ec5af83ce",
        "is_verified": false,
        "line_number": 44
      },
      {
        "type": "Secret Keyword",
        "filename": "backend/app/models/audit_log.py",
        "hashed_secret": "8a1881382beee10cf5ebabd305b51c92e8af0c3e",
        "is_verified": false,
        "line_number": 45
      },
      {
        "type": "Secret Keyword",
        "filename": "backend/app/models/audit_log.py",
        "hashed_secret": "e6e95e8f237bacc73f0a8b38ec386e0394087783",
        "is_verified": false,
        "line_number": 46
      }
    ],
    "backend/app/schemas/model.py": [
      {
        "type": "Secret Keyword",
        "filename": "backend/app/schemas/model.py",
        "hashed_secret": "665b1e3851eefefa3fb878654292f16597d25155",
        "is_verified": false,
        "line_number": 339
      }
    ],
    "backend/tests/integration/test_auth.py": [
      {
        "type": "Secret Keyword",
        "filename": "backend/tests/integration/test_auth.py",
        "hashed_secret": "f4a69973e7b0bf9d160f9f60e3c3acd2494beb0d",
        "is_verified": false,
        "line_number": 18
      },
      {
        "type": "Secret Keyword",
        "filename": "backend/tests/integration/test_auth.py",
        "hashed_secret": "1406d7b6073bd47cf909b8ee4a01901004b78828",
        "is_verified": false,
        "line_number": 74
      }
    ],
    "backend/tests/integration/test_chat.py": [
      {
        "type": "Secret Keyword",
        "filename": "backend/tests/integration/test_chat.py",
        "hashed_secret": "f4a69973e7b0bf9d160f9f60e3c3acd2494beb0d",
        "is_verified": false,
        "line_number": 31
      }
    ],
    "backend/tests/integration/test_document.py": [
      {
        "type": "Secret Keyword",
        "filename": "backend/tests/integration/test_document.py",
        "hashed_secret": "f4a69973e7b0bf9d160f9f60e3c3acd2494beb0d",
        "is_verified": false,
        "line_number": 19
      }
    ],
    "backend/tests/integration/test_health.py": [
      {
        "type": "Secret Keyword",
        "filename": "backend/tests/integration/test_health.py",
        "hashed_secret": "f4a69973e7b0bf9d160f9f60e3c3acd2494beb0d",
        "is_verified": false,
        "line_number": 22
      }
    ],
    "backend/tests/integration/test_knowledge.py": [
      {
        "type": "Secret Keyword",
        "filename": "backend/tests/integration/test_knowledge.py",
        "hashed_secret": "f4a69973e7b0bf9d160f9f60e3c3acd2494beb0d",
        "is_verified": false,
        "line_number": 20
      }
    ],
    "backend/tests/integration/test_model.py": [
      {
        "type": "Secret Keyword",
        "filename": "backend/tests/integration/test_model.py",
        "hashed_secret": "f4a69973e7b0bf9d160f9f60e3c3acd2494beb0d",
        "is_verified": false,
        "line_number": 26
      },
      {
        "type": "Secret Keyword",
        "filename": "backend/tests/integration/test_model.py",
        "hashed_secret": "9d6ca89a13f43d1ec5f1c48692f89cf9330a04a9",
        "is_verified": false,
        "line_number": 32
      }
    ],
    "backend/tests/integration/test_stats.py": [
      {
        "type": "Secret Keyword",
        "filename": "backend/tests/integration/test_stats.py",
        "hashed_secret": "f4a69973e7b0bf9d160f9f60e3c3acd2494beb0d",
        "is_verified": false,
        "line_number": 21
      }
    ],
    "backend/tests/integration/test_template.py": [
      {
        "type": "Secret Keyword",
        "filename": "backend/tests/integration/test_template.py",
        "hashed_secret": "f4a69973e7b0bf9d160f9f60e3c3acd2494beb0d",
        "is_verified": false,
        "line_number": 20
      }
    ],
    "backend/tests/integration/test_user.py": [
      {
        "type": "Secret Keyword",
        "filename": "backend/tests/integration/test_user.py",
        "hashed_secret": "f4a69973e7b0bf9d160f9f60e3c3acd2494beb0d",
        "is_verified": false,
        "line_number": 19
      },
      {
        "type": "Secret Keyword",
        "filename": "backend/tests/integration/test_user.py",
        "hashed_secret": "5eb98775e1db18d0c53650a5a6ce0ba3bb8952f6",
        "is_verified": false,
        "line_number": 190
      }
    ],
    "backend/tests/unit/test_audit.py": [
      {
        "type": "Secret Keyword",
        "filename": "backend/tests/unit/test_audit.py",
        "hashed_secret": "665b1e3851eefefa3fb878654292f16597d25155",
        "is_verified": false,
        "line_number": 56
      },
      {
        "type": "Secret Keyword",
        "filename": "backend/tests/unit/test_audit.py",
        "hashed_secret": "159920628cb789601a3ef7859918baa2e9ea7d15",
        "is_verified": false,
        "line_number": 199
      },
      {
        "type": "Secret Keyword",
        "filename": "backend/tests/unit/test_audit.py",
        "hashed_secret": "f2b14f68eb995facb3a1c35287b778d5bd785511",
        "is_verified": false,
        "line_number": 200
      }
    ],
    "backend/tests/unit/test_auth.py": [
      {
        "type": "Secret Keyword",
        "filename": "backend/tests/unit/test_auth.py",
        "hashed_secret": "8bb6118f8fd6935ad0876a3be34a717d32708ffd",
        "is_verified": false,
        "line_number": 133
      },
      {
        "type": "Secret Keyword",
        "filename": "backend/tests/unit/test_auth.py",
        "hashed_secret": "cbfdac6008f9cab4083784cbd1874f76618d2a97",
        "is_verified": false,
        "line_number": 237
      }
    ],
    "backend/tests/unit/test_model.py": [
      {
        "type": "Secret Keyword",
        "filename": "backend/tests/unit/test_model.py",
        "hashed_secret": "1bdb819b553a3ebcdf42833ea0e5c05b8dac455c",
        "is_verified": false,
        "line_number": 87
      },
      {
        "type": "Secret Keyword",
        "filename": "backend/tests/unit/test_model.py",
        "hashed_secret": "13951588fd3325e25ed1e3b116d7009fb221c85e",
        "is_verified": false,
        "line_number": 213
      },
      {
        "type": "Secret Keyword",
        "filename": "backend/tests/unit/test_model.py",
        "hashed_secret": "ec417f567082612f8fd6afafe1abcab831fca840",
        "is_verified": false,
        "line_number": 431
      }
    ],
    "backend/tests/unit/test_vault.py": [
      {
        "type": "Secret Keyword",
        "filename": "backend/tests/unit/test_vault.py",
        "hashed_secret": "ec417f567082612f8fd6afafe1abcab831fca840",
        "is_verified": false,
        "line_number": 292
      },
      {
        "type": "Secret Keyword",
        "filename": "backend/tests/unit/test_vault.py",
        "hashed_secret": "520bd69c3eb1646d9a78181ecb4c90c51fdf428d",
        "is_verified": false,
        "line_number": 319
      },
      {
        "type": "Secret Keyword",
        "filename": "backend/tests/unit/test_vault.py",
        "hashed_secret": "9f875335c9315b9701d92a7cd3ccda33d9cc368b",
        "is_verified": false,
        "line_number": 558
      },
      {
        "type": "Secret Keyword",
        "filename": "backend/tests/unit/test_vault.py",
        "hashed_secret": "d378f22450ce32736345a7a4647561bca9f4095a",
        "is_verified": false,
        "line_number": 613
      },
      {
        "type": "Secret Keyword",
        "filename": "backend/tests/unit/test_vault.py",
        "hashed_secret": "1ecfdbb76d30f22cdb88be71bbc38485c2a128ab",
        "is_verified": false,
        "line_number": 713
      }
    ],
    "deployment/docker-compose.dev.yml": [
      {
        "type": "Secret Keyword",
        "filename": "deployment/docker-compose.dev.yml",
        "hashed_secret": "afc848c316af1a89d49826c5ae9d00ed769415f3",
        "is_verified": false,
        "line_number": 12
      },
      {
        "type": "Secret Keyword",
        "filename": "deployment/docker-compose.dev.yml",
        "hashed_secret": "bc565f6e909ec7d3c18e2ff5d9eeb2300ff20b7f",
        "is_verified": false,
        "line_number": 53
      }
    ],
    "deployment/docker-compose.yml": [
      {
        "type": "Secret Keyword",
        "filename": "deployment/docker-compose.yml",
        "hashed_secret": "afc848c316af1a89d49826c5ae9d00ed769415f3",
        "is_verified": false,
        "line_number": 12
      },
      {
        "type": "Secret Keyword",
        "filename": "deployment/docker-compose.yml",
        "hashed_secret": "bc565f6e909ec7d3c18e2ff5d9eeb2300ff20b7f",
        "is_verified": false,
        "line_number": 55
      }
    ],
    "docker-compose.yml": [
      {
        "type": "Secret Keyword",
        "filename": "docker-compose.yml",
        "hashed_secret": "afc848c316af1a89d49826c5ae9d00ed769415f3",
        "is_verified": false,
        "line_number": 10
      },
      {
        "type": "Secret Keyword",
        "filename": "docker-compose.yml",
        "hashed_secret": "bc565f6e909ec7d3c18e2ff5d9eeb2300ff20b7f",
        "is_verified": false,
        "line_number": 72
      }
    ],
    "docs/API.md": [
      {
        "type": "Secret Keyword",
        "filename": "docs/API.md",
        "hashed_secret": "ecb252044b5ea0f679ee78ec1a12904739e2904d",
        "is_verified": false,
        "line_number": 12
      }
    ],
    "docs/API_DESIGN.md": [
      {
        "type": "Secret Keyword",
        "filename": "docs/API_DESIGN.md",
        "hashed_secret": "49efef5f70d47adc2db2eb397fbef5f7bc560e29",
        "is_verified": false,
        "line_number": 439
      }
    ],
    "docs/deployment.md": [
      {
        "type": "Secret Keyword",
        "filename": "docs/deployment.md",
        "hashed_secret": "a29c57c6894dee6e8251510d58c07078ee3f49bf",
        "is_verified": false,
        "line_number": 63
      },
      {
        "type": "Basic Auth Credentials",
        "filename": "docs/deployment.md",
        "hashed_secret": "9d4e1e23bd5b727046a9e3b4b7db57bd8d6ee684",
        "is_verified": false,
        "line_number": 78
      }
    ],
    "docs/lessons-learned/security-compliance.md": [
      {
        "type": "Secret Keyword",
        "filename": "docs/lessons-learned/security-compliance.md",
        "hashed_secret": "3392b752ca825b0df2fd1d2024e6c72c73404732",
        "is_verified": false,
        "line_number": 54
      }
    ],
    "frontend/src/views/login/index.vue": [
      {
        "type": "Secret Keyword",
        "filename": "frontend/src/views/login/index.vue",
        "hashed_secret": "a29c57c6894dee6e8251510d58c07078ee3f49bf",
        "is_verified": false,
        "line_number": 134
      }
    ],
    "tools/export-openapi.py": [
      {
        "type": "Secret Keyword",
        "filename": "tools/export-openapi.py",
        "hashed_secret": "eb4d43bf6ec57f54fee40c609ebacbec0eec6924",
        "is_verified": false,
        "line_number": 19
      },
      {
        "type": "Secret Keyword",
        "filename": "tools/export-openapi.py",
        "hashed_secret": "231ac609a834381180bf949b9987a75b7ca76776",
        "is_verified": false,
        "line_number": 21
      },
      {
        "type": "Secret Keyword",
        "filename": "tools/export-openapi.py",
        "hashed_secret": "cb28e74ebbb579d71ecacab9ed5ab8b985096fc7",
        "is_verified": false,
        "line_number": 22
      }
    ]
  },
  "generated_at": "2026-08-02T11:36:35Z"
}
